Listy (Cons (Number 1 (Unit [])) (Cons (Number 2 (Unit [])) (Cons (Number 3 (Unit [])) (Cons (Number 4 (Unit [])) Empty))))