Listy (Cons (Boolean False) (Cons (Boolean True) Empty))