Listy (Cons (Number (I 2)) (Cons (Number (I 3)) Empty))