Listy (Cons (Number (I 2) (Unit [])) (Cons (Number (I 3) (Unit [])) Empty))