Listy (Cons (Number (I 1)) (Cons (Number (I 1) Empty))
