Listy (Cons (Number (I 1)) (Cons (Number (I 2)) (Cons (Number (I 3)) (Cons (Number (I 4)) Empty))))