Listy (Cons (Number (I 1) (Unit [])) (Cons (Number (I 1) (Unit [])) Empty))
